
[1m[46m RUN [49m[22m [36mv4.0.17 [39m[90mD:/proyect/Opttius-app[39m

 [31m❯[39m src/lib/email/__tests__/template-variables.test.ts [2m([22m[2m15 tests[22m[2m | [22m[31m3 failed[39m[2m)[22m[32m 201[2mms[22m[39m
     [32m✓[39m replaces single variable[32m 7[2mms[22m[39m
     [32m✓[39m replaces multiple variables[32m 2[2mms[22m[39m
     [32m✓[39m replaces variable with spaces around name[32m 1[2mms[22m[39m
     [32m✓[39m replaces empty/null with empty string[32m 1[2mms[22m[39m
     [32m✓[39m leaves unreplaced placeholder when variable not in object[32m 1[2mms[22m[39m
     [32m✓[39m replaces all occurrences of same variable[32m 1[2mms[22m[39m
[31m     [31m×[31m returns default values when no organization[39m[32m 28[2mms[22m[39m
[31m     [31m×[31m returns org values when organization provided[39m[32m 4[2mms[22m[39m
[31m     [31m×[31m includes all required keys for templates[39m[32m 9[2mms[22m[39m
     [32m✓[39m formats items with name, quantity, price[32m 113[2mms[22m[39m
     [32m✓[39m includes variant_title when provided[32m 2[2mms[22m[39m
     [32m✓[39m handles empty array[32m 1[2mms[22m[39m
     [32m✓[39m formats items as plain text[32m 2[2mms[22m[39m
     [32m✓[39m replaceTemplateVariables leaves no {{var}} when all variables provided[32m 17[2mms[22m[39m
     [32m✓[39m extracts variable names from template string[32m 2[2mms[22m[39m
 [31m❯[39m src/tests/security/phase2-security.test.ts [2m([22m[2m20 tests[22m[2m | [22m[31m13 failed[39m[2m)[22m[32m 195[2mms[22m[39m
[31m       [31m×[31m should log authentication events correctly[39m[32m 38[2mms[22m[39m
[31m       [31m×[31m should log rate limiting violations[39m[32m 6[2mms[22m[39m
[31m       [31m×[31m should log payment security events[39m[32m 21[2mms[22m[39m
[31m       [31m×[31m should log data access events[39m[32m 3[2mms[22m[39m
[31m       [31m×[31m should calculate severity correctly[39m[32m 10[2mms[22m[39m
[31m       [31m×[31m should buffer events and flush periodically[39m[32m 5[2mms[22m[39m
[31m       [31m×[31m should send email alerts for high severity events[39m[32m 5[2mms[22m[39m
[31m       [31m×[31m should send Slack notifications[39m[32m 4[2mms[22m[39m
[31m       [31m×[31m should handle PagerDuty integration[39m[32m 4[2mms[22m[39m
       [32m✓[39m should deduplicate alerts[32m 5[2mms[22m[39m
       [32m✓[39m should manage alert history[32m 3[2mms[22m[39m
[31m       [31m×[31m should integrate authentication security[39m[32m 3[2mms[22m[39m
       [32m✓[39m should integrate rate limiting with security monitoring[32m 2[2mms[22m[39m
[31m       [31m×[31m should handle payment security integration[39m[32m 10[2mms[22m[39m
       [32m✓[39m should perform dependency vulnerability checks[32m 3[2mms[22m[39m
       [32m✓[39m should run security linting[32m 3[2mms[22m[39m
       [32m✓[39m should integrate with GitHub Actions workflow[32m 1[2mms[22m[39m
       [32m✓[39m should handle high volume security events[32m 36[2mms[22m[39m
[31m       [31m×[31m should maintain alerting system performance[39m[32m 13[2mms[22m[39m
[31m       [31m×[31m should handle concurrent security operations[39m[32m 11[2mms[22m[39m
 [31m❯[39m src/__tests__/security/phase2-security.test.ts [2m([22m[2m20 tests[22m[2m | [22m[31m4 failed[39m[2m)[22m[32m 294[2mms[22m[39m
[31m       [31m×[31m should log authentication events correctly[39m[32m 38[2mms[22m[39m
[31m       [31m×[31m should log rate limiting violations[39m[32m 11[2mms[22m[39m
       [32m✓[39m should log payment security events[32m 12[2mms[22m[39m
[31m       [31m×[31m should log data access events[39m[32m 3[2mms[22m[39m
       [32m✓[39m should calculate severity correctly[32m 5[2mms[22m[39m
       [32m✓[39m should buffer events and flush periodically[32m 3[2mms[22m[39m
       [32m✓[39m should send email alerts for high severity events[32m 4[2mms[22m[39m
       [32m✓[39m should send Slack notifications[32m 111[2mms[22m[39m
       [32m✓[39m should handle PagerDuty integration[32m 5[2mms[22m[39m
       [32m✓[39m should deduplicate alerts[32m 5[2mms[22m[39m
       [32m✓[39m should manage alert history[32m 8[2mms[22m[39m
       [32m✓[39m should integrate authentication security[32m 7[2mms[22m[39m
[31m       [31m×[31m should integrate rate limiting with security monitoring[39m[32m 5[2mms[22m[39m
       [32m✓[39m should handle payment security integration[32m 6[2mms[22m[39m
       [32m✓[39m should perform dependency vulnerability checks[32m 2[2mms[22m[39m
       [32m✓[39m should run security linting[32m 3[2mms[22m[39m
       [32m✓[39m should integrate with GitHub Actions workflow[32m 1[2mms[22m[39m
       [32m✓[39m should handle high volume security events[32m 30[2mms[22m[39m
       [32m✓[39m should maintain alerting system performance[32m 16[2mms[22m[39m
       [32m✓[39m should handle concurrent security operations[32m 9[2mms[22m[39m
 [31m❯[39m src/__tests__/unit/lib/ai/insights/generator.test.ts [2m([22m[2m8 tests[22m[2m | [22m[31m1 failed[39m[2m)[22m[33m 1091[2mms[22m[39m
       [32m✓[39m should generate insights for dashboard section[32m 25[2mms[22m[39m
       [32m✓[39m should handle LLM errors gracefully[32m 8[2mms[22m[39m
       [33m[2m✓[22m[39m should retry on failure [33m 1006[2mms[22m[39m
       [32m✓[39m should validate insight schema correctly[32m 6[2mms[22m[39m
       [32m✓[39m should parse JSON from markdown code blocks[32m 3[2mms[22m[39m
       [32m✓[39m should handle no available LLM providers[32m 2[2mms[22m[39m
       [32m✓[39m should return highest priority insight[32m 3[2mms[22m[39m
[31m       [31m×[31m should throw error if no insights generated (schema requires at least one)[39m[32m 30[2mms[22m[39m
 [31m❯[39m src/components/admin/CreateAppointmentForm/__tests__/useScheduleSettings.test.ts [2m([22m[2m10 tests[22m[2m | [22m[31m4 failed[39m[2m)[22m[32m 245[2mms[22m[39m
     [32m✓[39m should initialize with default values[32m 68[2mms[22m[39m
[31m     [31m×[31m should load schedule settings successfully[39m[32m 63[2mms[22m[39m
     [32m✓[39m should handle schedule settings load errors[32m 14[2mms[22m[39m
     [32m✓[39m should handle network errors[32m 20[2mms[22m[39m
[31m     [31m×[31m should set loading state during fetch[39m[32m 22[2mms[22m[39m
[31m     [31m×[31m should get minimum date (today + min advance hours)[39m[32m 10[2mms[22m[39m
[31m     [31m×[31m should get maximum date (today + max advance days)[39m[32m 7[2mms[22m[39m
     [32m✓[39m should handle settings without working hours data[32m 8[2mms[22m[39m
     [32m✓[39m should return default values when settings not loaded[32m 14[2mms[22m[39m
     [32m✓[39m should handle settings with missing holiday data[32m 9[2mms[22m[39m
 [31m❯[39m src/components/admin/CreateAppointmentForm/__tests__/useAvailability.test.ts [2m([22m[2m12 tests[22m[2m | [22m[31m1 failed[39m[2m)[22m[33m 304[2mms[22m[39m
     [32m✓[39m should initialize with default values[32m 70[2mms[22m[39m
     [32m✓[39m should fetch availability successfully[32m 29[2mms[22m[39m
     [32m✓[39m should handle availability fetch errors[32m 27[2mms[22m[39m
     [32m✓[39m should handle network errors[32m 23[2mms[22m[39m
     [32m✓[39m should check if time slot is available[32m 11[2mms[22m[39m
     [32m✓[39m should return false for slot availability when no slots loaded[32m 8[2mms[22m[39m
     [32m✓[39m should clear slots and errors[32m 11[2mms[22m[39m
     [32m✓[39m should set loading state during fetch[32m 9[2mms[22m[39m
     [32m✓[39m should handle different duration values[32m 42[2mms[22m[39m
     [32m✓[39m should handle invalid date formats gracefully[32m 21[2mms[22m[39m
     [32m✓[39m should maintain state consistency during rapid calls[32m 4[2mms[22m[39m
[31m     [31m×[31m should handle empty available slots response[39m[32m 38[2mms[22m[39m
 [31m❯[39m src/__tests__/integration/api/webhooks/flow.test.ts [2m([22m[2m5 tests[22m[2m | [22m[31m3 failed[39m[2m)[22m[32m 267[2mms[22m[39m
[31m       [31m×[31m should process a valid webhook successfully[39m[32m 184[2mms[22m[39m
[31m       [31m×[31m should handle webhook processing errors gracefully[39m[32m 47[2mms[22m[39m
       [32m✓[39m should return 500 when required fields are missing[32m 9[2mms[22m[39m
[31m       [31m×[31m should validate webhook signature[39m[32m 15[2mms[22m[39m
       [32m✓[39m should not have GET method implemented[32m 5[2mms[22m[39m
 [31m❯[39m src/components/admin/CreateQuoteForm/__tests__/useQuoteForm.test.ts [2m([22m[2m4 tests[22m[2m | [22m[31m1 failed[39m[2m)[22m[32m 241[2mms[22m[39m
[31m     [31m×[31m should initialize with default form data[39m[32m 156[2mms[22m[39m
     [32m✓[39m should update individual fields correctly[32m 29[2mms[22m[39m
     [32m✓[39m should update multiple fields at once[32m 22[2mms[22m[39m
     [32m✓[39m should reset form to default values[32m 25[2mms[22m[39m
 [31m❯[39m src/__tests__/unit/components/ai/InsightCard.test.tsx [2m([22m[2m7 tests[22m[2m | [22m[31m1 failed[39m[2m)[22m[33m 1606[2mms[22m[39m
     [33m[2m✓[22m[39m should render different types correctly [33m 428[2mms[22m[39m
     [33m[2m✓[22m[39m should call onDismiss when dismissed [33m 883[2mms[22m[39m
[31m     [31m×[31m should call onFeedback when rated[39m[32m 132[2mms[22m[39m
     [32m✓[39m should handle action button click[32m 44[2mms[22m[39m
     [32m✓[39m should display priority indicator correctly[32m 29[2mms[22m[39m
     [32m✓[39m should show feedback score if already rated[32m 38[2mms[22m[39m
     [32m✓[39m should not show action button if action_url is missing[32m 34[2mms[22m[39m
 [31m❯[39m src/components/admin/CreateAppointmentForm/__tests__/CustomerSelection.test.tsx [2m([22m[2m21 tests[22m[2m | [22m[31m5 failed[39m[2m)[22m[33m 2140[2mms[22m[39m
     [33m[2m✓[22m[39m should render registered customer mode by default [33m 392[2mms[22m[39m
     [32m✓[39m should render guest customer mode when isGuestCustomer is true[32m 98[2mms[22m[39m
     [32m✓[39m should display selected customer information[32m 47[2mms[22m[39m
     [32m✓[39m should call onCustomerSearchChange when typing in search box[32m 70[2mms[22m[39m
[31m     [31m×[31m should show customer search results[39m[32m 94[2mms[22m[39m
[31m     [31m×[31m should call onCustomerSelect when clicking a customer result[39m[32m 70[2mms[22m[39m
     [32m✓[39m should show loading indicator when searching[32m 31[2mms[22m[39m
     [33m[2m✓[22m[39m should call onCustomerClear when clicking clear button [33m 689[2mms[22m[39m
     [32m✓[39m should call onGuestModeToggle when switching to guest mode[32m 114[2mms[22m[39m
     [32m✓[39m should call onGuestModeToggle when switching to registered mode[32m 135[2mms[22m[39m
     [32m✓[39m should update guest customer data fields[32m 54[2mms[22m[39m
     [32m✓[39m should accept errors prop for guest customer[32m 49[2mms[22m[39m
     [32m✓[39m should show validation error for registered customer[32m 23[2mms[22m[39m
     [32m✓[39m should not show customer results when search is empty[32m 32[2mms[22m[39m
[31m     [31m×[31m should show customer results when search has content[39m[32m 32[2mms[22m[39m
[31m     [31m×[31m should show no results message when search returns empty[39m[32m 42[2mms[22m[39m
     [32m✓[39m should disable inputs when in registered customer mode with selection[32m 34[2mms[22m[39m
     [32m✓[39m should enable inputs when in registered customer mode without selection[32m 20[2mms[22m[39m
     [32m✓[39m should format RUT input for guest customer[32m 40[2mms[22m[39m
     [32m✓[39m should show email and phone fields as optional for guest customer[32m 32[2mms[22m[39m
[31m     [31m×[31m should handle customer selection with click[39m[32m 31[2mms[22m[39m
 [31m❯[39m src/components/admin/CreateAppointmentForm/__tests__/AppointmentDetails.test.tsx [2m([22m[2m26 tests[22m[2m | [22m[31m5 failed[39m[2m)[22m[33m 5556[2mms[22m[39m
[31m     [31m×[31m should render appointment details section[39m[33m 1374[2mms[22m[39m
     [32m✓[39m should display selected appointment type[32m 208[2mms[22m[39m
     [32m✓[39m should display selected status[32m 162[2mms[22m[39m
     [32m✓[39m should display reason text[32m 176[2mms[22m[39m
     [32m✓[39m should display notes text[32m 148[2mms[22m[39m
     [32m✓[39m should call onTypeChange when appointment type changes[32m 222[2mms[22m[39m
     [33m[2m✓[22m[39m should call onStatusChange when status changes [33m 513[2mms[22m[39m
     [32m✓[39m should call onReasonChange when reason changes[32m 194[2mms[22m[39m
     [32m✓[39m should call onNotesChange when notes change[32m 153[2mms[22m[39m
[31m     [31m×[31m should render all appointment type options[39m[32m 182[2mms[22m[39m
     [32m✓[39m should show follow-up section when follow-up is required[32m 123[2mms[22m[39m
     [32m✓[39m should hide follow-up section when follow-up is not required[32m 117[2mms[22m[39m
     [32m✓[39m should call onFollowUpToggle when follow-up switch changes[32m 167[2mms[22m[39m
     [32m✓[39m should call onFollowUpDateChange when follow-up date changes[32m 111[2mms[22m[39m
     [32m✓[39m should display follow-up date when provided[32m 146[2mms[22m[39m
     [32m✓[39m should render all appointment type options[32m 96[2mms[22m[39m
     [32m✓[39m should handle empty appointment types array[32m 83[2mms[22m[39m
     [32m✓[39m should preserve text input when switching appointment types[32m 131[2mms[22m[39m
     [32m✓[39m should handle special characters in reason and notes[32m 94[2mms[22m[39m
     [32m✓[39m should maintain follow-up state when other fields change[32m 164[2mms[22m[39m
[31m     [31m×[31m should handle very long text inputs[39m[32m 122[2mms[22m[39m
[31m     [31m×[31m should render status options correctly[39m[32m 288[2mms[22m[39m
[31m     [31m×[31m should handle rapid consecutive changes[39m[32m 157[2mms[22m[39m
     [32m✓[39m should preserve cursor position when typing in text areas[32m 118[2mms[22m[39m
     [32m✓[39m should handle date validation for follow-up date[32m 124[2mms[22m[39m
     [32m✓[39m should maintain component state during re-renders[32m 121[2mms[22m[39m
{"level":"error","time":"2026-06-24T23:26:16.049Z","pid":16036,"hostname":"Stefan-Laptop","err":{"type":"Object","message":"this.redis.zremrangebyscore is not a function","stack":"TypeError: this.redis.zremrangebyscore is not a function\n    at RedisRateLimiter.isRateLimited (D:/proyect/Opttius-app/src/lib/rate-limiting/redis-rate-limiter.ts:82:24)\n    at D:/proyect/Opttius-app/src/__tests__/security/phase1-security.test.ts:346:44\n    at file:///D:/proyect/Opttius-app/node_modules/@vitest/runner/dist/index.js:145:11\n    at file:///D:/proyect/Opttius-app/node_modules/@vitest/runner/dist/index.js:915:26\n    at file:///D:/proyect/Opttius-app/node_modules/@vitest/runner/dist/index.js:1243:20\n    at new Promise (<anonymous>)\n    at runWithTimeout (file:///D:/proyect/Opttius-app/node_modules/@vitest/runner/dist/index.js:1209:10)\n    at file:///D:/proyect/Opttius-app/node_modules/@vitest/runner/dist/index.js:1653:37\n    at Traces.$ (file:///D:/proyect/Opttius-app/node_modules/vitest/dist/chunks/traces.CCmnQaNT.js:142:27)\n    at trace (file:///D:/proyect/Opttius-app/node_modules/vitest/dist/chunks/test.B8ej_ZHS.js:239:21)","name":"TypeError"},"msg":"Rate limiting check failed"}
{"level":"error","time":"2026-06-24T23:26:16.070Z","pid":16036,"hostname":"Stefan-Laptop","err":{"type":"Object","message":"this.redis.zremrangebyscore is not a function","stack":"TypeError: this.redis.zremrangebyscore is not a function\n    at RedisRateLimiter.isRateLimited (D:/proyect/Opttius-app/src/lib/rate-limiting/redis-rate-limiter.ts:82:24)\n    at D:/proyect/Opttius-app/src/__tests__/security/phase1-security.test.ts:468:41\n    at file:///D:/proyect/Opttius-app/node_modules/@vitest/runner/dist/index.js:145:11\n    at file:///D:/proyect/Opttius-app/node_modules/@vitest/runner/dist/index.js:915:26\n    at file:///D:/proyect/Opttius-app/node_modules/@vitest/runner/dist/index.js:1243:20\n    at new Promise (<anonymous>)\n    at runWithTimeout (file:///D:/proyect/Opttius-app/node_modules/@vitest/runner/dist/index.js:1209:10)\n    at file:///D:/proyect/Opttius-app/node_modules/@vitest/runner/dist/index.js:1653:37\n    at Traces.$ (file:///D:/proyect/Opttius-app/node_modules/vitest/dist/chunks/traces.CCmnQaNT.js:142:27)\n    at trace (file:///D:/proyect/Opttius-app/node_modules/vitest/dist/chunks/test.B8ej_ZHS.js:239:21)","name":"TypeError"},"msg":"Rate limiting check failed"}
{"level":"error","time":"2026-06-24T23:26:16.071Z","pid":16036,"hostname":"Stefan-Laptop","err":{"type":"Object","message":"this.redis.zremrangebyscore is not a function","stack":"TypeError: this.redis.zremrangebyscore is not a function\n    at RedisRateLimiter.isRateLimited (D:/proyect/Opttius-app/src/lib/rate-limiting/redis-rate-limiter.ts:82:24)\n    at D:/proyect/Opttius-app/src/__tests__/security/phase1-security.test.ts:474:41\n    at processTicksAndRejections (node:internal/process/task_queues:103:5)\n    at file:///D:/proyect/Opttius-app/node_modules/@vitest/runner/dist/index.js:915:20","name":"TypeError"},"msg":"Rate limiting check failed"}
{"level":"error","time":"2026-06-24T23:26:16.072Z","pid":16036,"hostname":"Stefan-Laptop","err":{"type":"Object","message":"this.redis.zremrangebyscore is not a function","stack":"TypeError: this.redis.zremrangebyscore is not a function\n    at RedisRateLimiter.isRateLimited (D:/proyect/Opttius-app/src/lib/rate-limiting/redis-rate-limiter.ts:82:24)\n    at D:/proyect/Opttius-app/src/__tests__/security/phase1-security.test.ts:480:41\n    at processTicksAndRejections (node:internal/process/task_queues:103:5)\n    at file:///D:/proyect/Opttius-app/node_modules/@vitest/runner/dist/index.js:915:20","name":"TypeError"},"msg":"Rate limiting check failed"}
 [31m❯[39m src/__tests__/security/phase1-security.test.ts [2m([22m[2m19 tests[22m[2m | [22m[31m1 failed[39m[2m)[22m[32m 154[2mms[22m[39m
       [32m✓[39m should validate email addresses correctly[32m 21[2mms[22m[39m
       [32m✓[39m should validate UUIDs correctly[32m 5[2mms[22m[39m
       [32m✓[39m should validate phone numbers correctly[32m 5[2mms[22m[39m
       [32m✓[39m should validate pagination parameters[32m 11[2mms[22m[39m
       [32m✓[39m should provide middleware validation wrappers[32m 1[2mms[22m[39m
       [32m✓[39m should connect to Redis successfully[32m 3[2mms[22m[39m
       [32m✓[39m should handle Redis operations correctly[32m 3[2mms[22m[39m
       [32m✓[39m should handle connection errors gracefully[32m 5[2mms[22m[39m
       [32m✓[39m should enforce rate limits correctly[32m 5[2mms[22m[39m
[31m       [31m×[31m should reset limits after window expires[39m[32m 43[2mms[22m[39m
       [32m✓[39m should differentiate between clients[32m 11[2mms[22m[39m
       [32m✓[39m should provide rate limit headers[32m 3[2mms[22m[39m
       [32m✓[39m should handle Redis errors gracefully[32m 2[2mms[22m[39m
       [32m✓[39m should work together in a realistic scenario[32m 15[2mms[22m[39m
       [32m✓[39m should handle concurrent requests properly[32m 3[2mms[22m[39m
       [32m✓[39m should maintain data consistency[32m 2[2mms[22m[39m
       [32m✓[39m should provide meaningful error messages[32m 2[2mms[22m[39m
       [32m✓[39m should handle edge cases gracefully[32m 3[2mms[22m[39m
       [32m✓[39m should recover from temporary failures[32m 6[2mms[22m[39m
 [31m❯[39m src/__tests__/unit/lib/ai/insights/schemas.test.ts [2m([22m[2m20 tests[22m[2m | [22m[31m1 failed[39m[2m)[22m[32m 95[2mms[22m[39m
       [32m✓[39m should validate valid insight types[32m 14[2mms[22m[39m
       [32m✓[39m should reject invalid insight types[32m 5[2mms[22m[39m
       [32m✓[39m should validate valid sections[32m 4[2mms[22m[39m
       [32m✓[39m should reject invalid sections[32m 2[2mms[22m[39m
       [32m✓[39m should validate a valid insight[32m 8[2mms[22m[39m
       [32m✓[39m should validate insight with optional fields[32m 3[2mms[22m[39m
       [32m✓[39m should reject invalid insight types[32m 2[2mms[22m[39m
       [32m✓[39m should enforce title character limit (100)[32m 2[2mms[22m[39m
       [32m✓[39m should enforce message character limit (500)[32m 2[2mms[22m[39m
       [32m✓[39m should enforce action_label character limit (50)[32m 2[2mms[22m[39m
       [32m✓[39m should validate action_url format[32m 2[2mms[22m[39m
       [32m✓[39m should enforce priority range (1-10)[32m 3[2mms[22m[39m
       [32m✓[39m should accept valid priority range[32m 2[2mms[22m[39m
       [32m✓[39m should validate a valid insights response[32m 2[2mms[22m[39m
[31m       [31m×[31m should require at least one insight[39m[32m 22[2mms[22m[39m
       [32m✓[39m should validate all insights in array[32m 2[2mms[22m[39m
       [32m✓[39m should validate valid feedback scores[32m 5[2mms[22m[39m
       [32m✓[39m should reject scores below 1[32m 2[2mms[22m[39m
       [32m✓[39m should reject scores above 5[32m 2[2mms[22m[39m
       [32m✓[39m should reject non-integer scores[32m 2[2mms[22m[39m
 [31m❯[39m src/__tests__/integration/ai/insights-generation.test.ts [2m([22m[2m13 tests[22m[2m | [22m[31m13 failed[39m[2m)[22m[32m 140[2mms[22m[39m
[31m       [31m×[31m should generate insights without maturity adaptation[39m[32m 26[2mms[22m[39m
[31m       [31m×[31m should generate insights with maturity adaptation[39m[32m 8[2mms[22m[39m
[31m       [31m×[31m should handle JSON wrapped in markdown code blocks[39m[32m 7[2mms[22m[39m
[31m       [31m×[31m should work for all sections[39m[32m 8[2mms[22m[39m
[31m       [31m×[31m should retry on transient failures[39m[32m 7[2mms[22m[39m
[31m       [31m×[31m should throw error after max retries exceeded[39m[32m 6[2mms[22m[39m
[31m       [31m×[31m should not retry on validation errors[39m[32m 6[2mms[22m[39m
[31m       [31m×[31m should throw error if no providers available[39m[32m 13[2mms[22m[39m
[31m       [31m×[31m should validate insight structure[39m[32m 9[2mms[22m[39m
[31m       [31m×[31m should reject insights with invalid priority[39m[32m 23[2mms[22m[39m
[31m       [31m×[31m should reject insights with missing required fields[39m[32m 5[2mms[22m[39m
[31m       [31m×[31m should respect custom temperature[39m[32m 5[2mms[22m[39m
[31m       [31m×[31m should include additional context in prompts[39m[32m 6[2mms[22m[39m
{"level":"error","time":"2026-06-24T23:26:16.838Z","pid":25256,"hostname":"Stefan-Laptop","msg":"Error in listProducts service"}
{"level":"error","time":"2026-06-24T23:26:16.861Z","pid":25256,"hostname":"Stefan-Laptop","msg":"Error in listProducts service"}
{"level":"error","time":"2026-06-24T23:26:16.891Z","pid":25256,"hostname":"Stefan-Laptop","msg":"Error in createProduct service"}
{"level":"error","time":"2026-06-24T23:26:16.895Z","pid":25256,"hostname":"Stefan-Laptop","msg":"Error in createProduct service"}
 [31m❯[39m src/__tests__/services/products.integration.test.ts [2m([22m[2m5 tests[22m[2m | [22m[31m2 failed[39m[2m)[22m[32m 85[2mms[22m[39m
[31m       [31m×[31m should list products with basic filters[39m[32m 40[2mms[22m[39m
[31m       [31m×[31m should handle errors gracefully[39m[32m 29[2mms[22m[39m
       [32m✓[39m should validate required fields[32m 4[2mms[22m[39m
       [32m✓[39m should validate price[32m 3[2mms[22m[39m
       [32m✓[39m should generate proper slugs[32m 3[2mms[22m[39m
 [31m❯[39m src/__tests__/unit/lib/ai/tools/analytics_tools.test.ts [2m([22m[2m3 tests[22m[2m | [22m[31m3 failed[39m[2m)[22m[32m 57[2mms[22m[39m
[31m       [31m×[31m should calculate trends correctly[39m[32m 40[2mms[22m[39m
[31m       [31m×[31m should identify low stock items[39m[32m 6[2mms[22m[39m
[31m       [31m×[31m should generate recommendations based on maturity[39m[32m 5[2mms[22m[39m
 [31m❯[39m src/__tests__/integration/api/webhooks/nowpayments.test.ts [2m([22m[2m3 tests[22m[2m | [22m[31m1 failed[39m[2m)[22m[32m 122[2mms[22m[39m
[31m       [31m×[31m should process a valid webhook successfully[39m[32m 105[2mms[22m[39m
       [32m✓[39m should handle webhook processing errors gracefully[32m 6[2mms[22m[39m
       [32m✓[39m should return health check status[32m 5[2mms[22m[39m
 [31m❯[39m src/__tests__/integration/api/webhooks/paypal.test.ts [2m([22m[2m5 tests[22m[2m | [22m[31m4 failed[39m[2m)[22m[32m 160[2mms[22m[39m
[31m       [31m×[31m should process a successful payment webhook[39m[32m 104[2mms[22m[39m
[31m       [31m×[31m should process a failed payment webhook[39m[32m 10[2mms[22m[39m
[31m       [31m×[31m should handle webhook processing errors gracefully[39m[32m 19[2mms[22m[39m
       [32m✓[39m should return 400 for invalid JSON payload[32m 8[2mms[22m[39m
[31m       [31m×[31m should handle missing event type[39m[32m 10[2mms[22m[39m
 [31m❯[39m src/__tests__/integration/api/saas-management/support-tickets.test.ts [2m([22m[2m19 tests[22m[2m | [22m[31m14 failed[39m[2m | [22m[33m5 skipped[39m[2m)[22m[32m 61[2mms[22m[39m
[31m       [31m×[31m should create ticket for organization user[39m[32m 19[2mms[22m[39m
[31m       [31m×[31m should reject non-authenticated requests[39m[32m 2[2mms[22m[39m
[31m       [31m×[31m should validate required fields[39m[32m 2[2mms[22m[39m
       [2m[90m↓[39m[22m should return only organization's tickets for regular users
       [2m[90m↓[39m[22m should return all tickets for root user
       [2m[90m↓[39m[22m should filter by status
       [2m[90m↓[39m[22m should filter by priority
       [2m[90m↓[39m[22m should paginate results
[31m       [31m×[31m should return ticket details for organization user[39m[32m 2[2mms[22m[39m
[31m       [31m×[31m should prevent organization user from accessing other organization's ticket[39m[32m 2[2mms[22m[39m
[31m       [31m×[31m should allow root user to access any ticket[39m[32m 3[2mms[22m[39m
[31m       [31m×[31m should allow root user to update ticket[39m[32m 2[2mms[22m[39m
[31m       [31m×[31m should reject non-root users from updating tickets[39m[32m 2[2mms[22m[39m
[31m       [31m×[31m should resolve ticket and set resolution[39m[32m 3[2mms[22m[39m
[31m       [31m×[31m should create message for organization user[39m[32m 3[2mms[22m[39m
[31m       [31m×[31m should create internal message for root user[39m[32m 2[2mms[22m[39m
[31m       [31m×[31m should prevent organization user from accessing other organization's ticket messages[39m[32m 2[2mms[22m[39m
[31m       [31m×[31m should return messages for organization user (excluding internal)[39m[32m 2[2mms[22m[39m
[31m       [31m×[31m should return all messages (including internal) for root user[39m[32m 2[2mms[22m[39m
 [31m❯[39m src/__tests__/integration/api/customers.test.ts [2m([22m[2m12 tests[22m[2m | [22m[31m12 failed[39m[2m)[22m[32m 55[2mms[22m[39m
[31m       [31m×[31m should only return customers from user's organization[39m[32m 17[2mms[22m[39m
[31m       [31m×[31m should prevent user from accessing customer from another organization[39m[32m 2[2mms[22m[39m
[31m       [31m×[31m should prevent user from creating customer in another organization[39m[32m 2[2mms[22m[39m
[31m       [31m×[31m should prevent user from updating customer from another organization[39m[32m 2[2mms[22m[39m
[31m       [31m×[31m should prevent user from deleting customer from another organization[39m[32m 2[2mms[22m[39m
[31m       [31m×[31m should create a customer[39m[32m 2[2mms[22m[39m
[31m       [31m×[31m should get a customer by ID[39m[32m 4[2mms[22m[39m
[31m       [31m×[31m should update a customer[39m[32m 2[2mms[22m[39m
[31m       [31m×[31m should list customers with pagination[39m[32m 2[2mms[22m[39m
[31m       [31m×[31m should search customers[39m[32m 4[2mms[22m[39m
[31m       [31m×[31m should reject invalid customer data[39m[32m 2[2mms[22m[39m
[31m       [31m×[31m should reject invalid email format[39m[32m 2[2mms[22m[39m
 [31m❯[39m src/__tests__/integration/api/payments.test.ts [2m([22m[2m8 tests[22m[2m | [22m[31m8 failed[39m[2m)[22m[32m 48[2mms[22m[39m
[31m       [31m×[31m returns 401 when not authenticated[39m[32m 17[2mms[22m[39m
[31m       [31m×[31m returns 400 when body is invalid (missing amount)[39m[32m 4[2mms[22m[39m
[31m       [31m×[31m returns 400 when gateway is invalid[39m[32m 3[2mms[22m[39m
[31m       [31m×[31m returns 200 or 500 when authenticated with org (Flow keys may be missing)[39m[32m 3[2mms[22m[39m
[31m       [31m×[31m returns 200 or 500 when authenticated with org (PayPal keys may be missing)[39m[32m 2[2mms[22m[39m
[31m       [31m×[31m returns 200 or 500 when authenticated with org (NOWPayments keys may be missing)[39m[32m 2[2mms[22m[39m
[31m       [31m×[31m returns 200 or 500 when authenticated with org (Mercado Pago keys may be missing)[39m[32m 2[2mms[22m[39m
[31m       [31m×[31m returns 500 when required fields are missing[39m[32m 3[2mms[22m[39m
 [31m❯[39m src/__tests__/security/phase3-security.test.ts [2m([22m[2m0 test[22m[2m)[22m
 [32m✓[39m src/__tests__/unit/inventory/file-parser.test.ts [2m([22m[2m16 tests[22m[2m)[22m[33m 958[2mms[22m[39m
     [33m[2m✓[22m[39m should parse valid Excel file with headers and data rows [33m 826[2mms[22m[39m
 [32m✓[39m src/lib/email/__tests__/email-variables-integration.test.ts [2m([22m[2m16 tests[22m[2m)[22m[33m 1508[2mms[22m[39m
       [33m[2m✓[22m[39m passes correct variables from order data [33m 1268[2mms[22m[39m
{"level":"warn","time":"2026-06-24T23:26:27.437Z","pid":26192,"hostname":"Stefan-Laptop","flowStatus":"created","msg":"Unknown Flow status mapped to pending"}
{"level":"warn","time":"2026-06-24T23:26:27.460Z","pid":26192,"hostname":"Stefan-Laptop","flowStatus":"unknown_status","msg":"Unknown Flow status mapped to pending"}
{"level":"info","time":"2026-06-24T23:26:27.467Z","pid":26192,"hostname":"Stefan-Laptop","flowOrder":12345,"commerceOrder":"order_1782343587464_tcdokv","amount":10000,"organizationId":"org_123","msg":"Flow payment order created"}
{"level":"error","time":"2026-06-24T23:26:27.485Z","pid":26192,"hostname":"Stefan-Laptop","orderId":"order_123","error":{"message":"Invalid parameters"},"msg":"Error creating Flow payment order"}
{"level":"error","time":"2026-06-24T23:26:27.499Z","pid":26192,"hostname":"Stefan-Laptop","err":{"type":"Object","message":"Flow error: Invalid parameters","stack":"Error: Flow error: Invalid parameters\n    at FlowGateway.createPaymentIntent (D:/proyect/Opttius-app/src/lib/payments/flow/gateway.ts:107:15)\n    at processTicksAndRejections (node:internal/process/task_queues:103:5)\n    at D:/proyect/Opttius-app/src/__tests__/unit/lib/payments/flow-gateway.test.ts:93:7\n    at file:///D:/proyect/Opttius-app/node_modules/@vitest/runner/dist/index.js:915:20","name":"Error"},"orderId":"order_123","amount":10000,"organizationId":"org_123","msg":"Error creating Flow payment order"}
{"level":"info","time":"2026-06-24T23:26:27.550Z","pid":26192,"hostname":"Stefan-Laptop","token":"test_token","status":"2","commerceOrder":"order_123","msg":"Flow Webhook received"}
{"level":"info","time":"2026-06-24T23:26:27.559Z","pid":26192,"hostname":"Stefan-Laptop","token":"test_token","status":"3","commerceOrder":"order_123","msg":"Flow Webhook received"}
{"level":"warn","time":"2026-06-24T23:26:27.565Z","pid":26192,"hostname":"Stefan-Laptop","token":"test_token","msg":"Flow Webhook: missing token or status"}
 [32m✓[39m src/__tests__/unit/lib/payments/flow-gateway.test.ts [2m([22m[2m10 tests[22m[2m)[22m[32m 142[2mms[22m[39m
{"level":"error","time":"2026-06-24T23:26:28.399Z","pid":10664,"hostname":"Stefan-Laptop","msg":"API Error Response"}
{"level":"info","time":"2026-06-24T23:26:28.437Z","pid":13352,"hostname":"Stefan-Laptop","invoiceId":"invoice_123","amount":100,"currency":"USD","organizationId":"org_123","msg":"NOWPayments invoice created"}
{"level":"error","time":"2026-06-24T23:26:28.415Z","pid":10664,"hostname":"Stefan-Laptop","msg":"API Error Response"}
{"level":"error","time":"2026-06-24T23:26:28.419Z","pid":10664,"hostname":"Stefan-Laptop","msg":"API Error Response"}
{"level":"error","time":"2026-06-24T23:26:28.422Z","pid":10664,"hostname":"Stefan-Laptop","msg":"API Error Response"}
{"level":"error","time":"2026-06-24T23:26:28.426Z","pid":10664,"hostname":"Stefan-Laptop","msg":"API Error Response"}
{"level":"error","time":"2026-06-24T23:26:28.442Z","pid":10664,"hostname":"Stefan-Laptop","msg":"API Error Response"}
 [32m✓[39m src/__tests__/unit/lib/api/response.test.ts [2m([22m[2m24 tests[22m[2m)[22m[32m 126[2mms[22m[39m
 [32m✓[39m src/components/admin/CreateAppointmentForm/__tests__/useCustomerSearch.test.ts [2m([22m[2m17 tests[22m[2m)[22m[32m 283[2mms[22m[39m
{"level":"error","time":"2026-06-24T23:26:28.465Z","pid":13352,"hostname":"Stefan-Laptop","orderId":"order_123","statusText":"Bad Request","errorData":{"message":"Invalid amount"},"msg":"Error creating NOWPayments invoice"}
{"level":"error","time":"2026-06-24T23:26:28.483Z","pid":13352,"hostname":"Stefan-Laptop","err":{"type":"Object","message":"NOWPayments Invoice Creation Error (undefined): Invalid amount","stack":"Error: NOWPayments Invoice Creation Error (undefined): Invalid amount\n    at NowPaymentsGateway.createPaymentIntent (D:/proyect/Opttius-app/src/lib/payments/nowpayments/gateway.ts:112:15)\n    at processTicksAndRejections (node:internal/process/task_queues:103:5)\n    at D:/proyect/Opttius-app/src/__tests__/unit/lib/payments/nowpayments-gateway.test.ts:73:7\n    at file:///D:/proyect/Opttius-app/node_modules/@vitest/runner/dist/index.js:915:20","name":"Error"},"orderId":"order_123","amount":-10,"organizationId":"org_123","msg":"Error creating NOWPayments invoice"}
{"level":"info","time":"2026-06-24T23:26:28.532Z","pid":13352,"hostname":"Stefan-Laptop","paymentId":"payment_123","invoiceId":"invoice_123","status":"finished","msg":"NOWPayments IPN received"}
{"level":"info","time":"2026-06-24T23:26:28.539Z","pid":13352,"hostname":"Stefan-Laptop","paymentId":"payment_456","status":"partially_paid","msg":"NOWPayments IPN received"}
{"level":"warn","time":"2026-06-24T23:26:28.539Z","pid":13352,"hostname":"Stefan-Laptop","nowpaymentsStatus":"partially_paid","msg":"NOWPayments payment is partially paid"}
{"level":"warn","time":"2026-06-24T23:26:28.542Z","pid":13352,"hostname":"Stefan-Laptop","nowpaymentsStatus":"partially_paid","msg":"NOWPayments payment is partially paid"}
{"level":"warn","time":"2026-06-24T23:26:28.543Z","pid":13352,"hostname":"Stefan-Laptop","nowpaymentsStatus":"unknown_status","msg":"Unknown NOWPayments status mapped to pending"}
 [32m✓[39m src/__tests__/unit/lib/payments/nowpayments-gateway.test.ts [2m([22m[2m6 tests[22m[2m)[22m[32m 121[2mms[22m[39m
 [32m✓[39m src/components/admin/CreateAppointmentForm/__tests__/useAppointmentForm.test.ts [2m([22m[2m13 tests[22m[2m)[22m[32m 224[2mms[22m[39m
 [32m✓[39m src/__tests__/unit/components/ai/SmartContextWidget.test.tsx [2m([22m[2m6 tests[22m[2m)[22m[33m 647[2mms[22m[39m
 [32m✓[39m src/__tests__/unit/api/upload.test.ts [2m([22m[2m6 tests[22m[2m)[22m[32m 108[2mms[22m[39m
 [32m✓[39m src/components/admin/CreateAppointmentForm/__tests__/DateTimeSelection.test.tsx [2m([22m[2m23 tests[22m[2m)[22m[33m 4385[2mms[22m[39m
     [33m[2m✓[22m[39m should render date and time selection fields [33m 607[2mms[22m[39m
     [33m[2m✓[22m[39m should call onDurationChange when duration is changed [33m 1000[2mms[22m[39m
     [33m[2m✓[22m[39m should clear time when duration changes [33m 397[2mms[22m[39m
{"level":"warn","time":"2026-06-24T23:26:35.210Z","pid":21488,"hostname":"Stefan-Laptop","paypalStatus":"PAYER_ACTION_REQUIRED","msg":"Unknown PayPal status mapped to pending"}
{"level":"warn","time":"2026-06-24T23:26:35.220Z","pid":21488,"hostname":"Stefan-Laptop","paypalStatus":"CANCELLED","msg":"Unknown PayPal status mapped to pending"}
{"level":"warn","time":"2026-06-24T23:26:35.221Z","pid":21488,"hostname":"Stefan-Laptop","paypalStatus":"UNKNOWN_STATUS","msg":"Unknown PayPal status mapped to pending"}
{"level":"info","time":"2026-06-24T23:26:35.226Z","pid":21488,"hostname":"Stefan-Laptop","orderId":"test_order_id","amount":100,"organizationId":"org_123","msg":"PayPal Order created"}
{"level":"error","time":"2026-06-24T23:26:35.233Z","pid":21488,"hostname":"Stefan-Laptop","error":{"error_description":"Invalid credentials"},"msg":"Failed to get PayPal Access Token"}
{"level":"error","time":"2026-06-24T23:26:35.248Z","pid":21488,"hostname":"Stefan-Laptop","err":{"type":"Object","message":"PayPal Auth Error: Invalid credentials","stack":"Error: PayPal Auth Error: Invalid credentials\n    at getPayPalAccessToken (D:/proyect/Opttius-app/src/lib/payments/paypal/gateway.ts:53:11)\n    at processTicksAndRejections (node:internal/process/task_queues:103:5)\n    at PayPalGateway.createPaymentIntent (D:/proyect/Opttius-app/src/lib/payments/paypal/gateway.ts:70:27)\n    at D:/proyect/Opttius-app/src/__tests__/unit/lib/payments/paypal-gateway.test.ts:93:7\n    at file:///D:/proyect/Opttius-app/node_modules/@vitest/runner/dist/index.js:915:20","name":"Error"},"orderId":"order_123","amount":100,"organizationId":"org_123","msg":"Error creating PayPal Order"}
{"level":"error","time":"2026-06-24T23:26:35.256Z","pid":21488,"hostname":"Stefan-Laptop","orderId":"order_123","error":{"message":"Invalid amount"},"msg":"Error creating PayPal Order"}
{"level":"error","time":"2026-06-24T23:26:35.258Z","pid":21488,"hostname":"Stefan-Laptop","err":{"type":"Object","message":"PayPal Order Creation Error: Invalid amount","stack":"Error: PayPal Order Creation Error: Invalid amount\n    at PayPalGateway.createPaymentIntent (D:/proyect/Opttius-app/src/lib/payments/paypal/gateway.ts:113:15)\n    at processTicksAndRejections (node:internal/process/task_queues:103:5)\n    at D:/proyect/Opttius-app/src/__tests__/unit/lib/payments/paypal-gateway.test.ts:117:7\n    at file:///D:/proyect/Opttius-app/node_modules/@vitest/runner/dist/index.js:915:20","name":"Error"},"orderId":"order_123","amount":100,"organizationId":"org_123","msg":"Error creating PayPal Order"}
{"level":"error","time":"2026-06-24T23:26:35.264Z","pid":21488,"hostname":"Stefan-Laptop","err":{"type":"Object","message":"PAYPAL_CLIENT_ID and PAYPAL_CLIENT_SECRET must be set for PayPal.","stack":"Error: PAYPAL_CLIENT_ID and PAYPAL_CLIENT_SECRET must be set for PayPal.\n    at getPayPalAccessToken (D:/proyect/Opttius-app/src/lib/payments/paypal/gateway.ts:28:11)\n    at PayPalGateway.createPaymentIntent (D:/proyect/Opttius-app/src/lib/payments/paypal/gateway.ts:70:33)\n    at D:/proyect/Opttius-app/src/__tests__/unit/lib/payments/paypal-gateway.test.ts:138:22\n    at file:///D:/proyect/Opttius-app/node_modules/@vitest/runner/dist/index.js:145:11\n    at file:///D:/proyect/Opttius-app/node_modules/@vitest/runner/dist/index.js:915:26\n    at file:///D:/proyect/Opttius-app/node_modules/@vitest/runner/dist/index.js:1243:20\n    at new Promise (<anonymous>)\n    at runWithTimeout (file:///D:/proyect/Opttius-app/node_modules/@vitest/runner/dist/index.js:1209:10)\n    at file:///D:/proyect/Opttius-app/node_modules/@vitest/runner/dist/index.js:1653:37\n    at Traces.$ (file:///D:/proyect/Opttius-app/node_modules/vitest/dist/chunks/traces.CCmnQaNT.js:142:27)","name":"Error"},"orderId":"order_123","amount":100,"organizationId":"org_123","msg":"Error creating PayPal Order"}
{"level":"info","time":"2026-06-24T23:26:35.266Z","pid":21488,"hostname":"Stefan-Laptop","eventType":"PAYMENT.CAPTURE.COMPLETED","eventId":"test_event_id","msg":"PayPal Webhook received"}
{"level":"info","time":"2026-06-24T23:26:35.268Z","pid":21488,"hostname":"Stefan-Laptop","eventType":"CHECKOUT.ORDER.COMPLETED","eventId":"test_event_id","msg":"PayPal Webhook received"}
{"level":"info","time":"2026-06-24T23:26:35.270Z","pid":21488,"hostname":"Stefan-Laptop","eventType":"CHECKOUT.ORDER.COMPLETED","eventId":"test_event_id","msg":"PayPal Webhook received"}
{"level":"info","time":"2026-06-24T23:26:35.271Z","pid":21488,"hostname":"Stefan-Laptop","eventType":"PAYMENT.CAPTURE.COMPLETED","eventId":"test_event_id","msg":"PayPal Webhook received"}
{"level":"warn","time":"2026-06-24T23:26:35.271Z","pid":21488,"hostname":"Stefan-Laptop","eventType":"PAYMENT.CAPTURE.COMPLETED","eventId":"test_event_id","msg":"PayPal Webhook received with unhandled event type or missing data"}
 [32m✓[39m src/__tests__/unit/lib/payments/paypal-gateway.test.ts [2m([22m[2m14 tests[22m[2m | [22m[33m2 skipped[39m[2m)[22m[32m 72[2mms[22m[39m
 [32m✓[39m src/__tests__/integration/core-functionality.test.ts [2m([22m[2m15 tests[22m[2m)[22m[32m 49[2mms[22m[39m
 [32m✓[39m src/__tests__/unit/lib/ai/insights/feedback.test.ts [2m([22m[2m13 tests[22m[2m)[22m[32m 70[2mms[22m[39m
 [32m✓[39m src/__tests__/unit/lib/ai/providers/openrouter.test.ts [2m([22m[2m16 tests[22m[2m)[22m[32m 78[2mms[22m[39m
 [32m✓[39m src/__tests__/unit/inventory/import-mapping.test.ts [2m([22m[2m48 tests[22m[2m)[22m[32m 62[2mms[22m[39m
 [32m✓[39m src/__tests__/unit/lib/api/validation/profile-schemas.test.ts [2m([22m[2m23 tests[22m[2m)[22m[32m 66[2mms[22m[39m
 [32m✓[39m src/__tests__/unit/inventory/import-service.test.ts [2m([22m[2m15 tests[22m[2m)[22m[32m 72[2mms[22m[39m
 [32m✓[39m src/__tests__/unit/lib/api/validation/config-value-schema.test.ts [2m([22m[2m16 tests[22m[2m)[22m[32m 59[2mms[22m[39m
 [32m✓[39m src/components/admin/CreateQuoteForm/__tests__/validation.test.ts [2m([22m[2m19 tests[22m[2m)[22m[32m 47[2mms[22m[39m
 [32m✓[39m src/__tests__/unit/lib/api/root-middleware.test.ts [2m([22m[2m10 tests[22m[2m)[22m[32m 37[2mms[22m[39m
 [32m✓[39m src/__tests__/unit/lib/ai/insights/maturity.test.ts [2m([22m[2m8 tests[22m[2m)[22m[32m 29[2mms[22m[39m
 [32m✓[39m src/__tests__/unit/lib/saas/tier-validator.test.ts [2m([22m[2m11 tests[22m[2m)[22m[32m 32[2mms[22m[39m
{"level":"warn","time":"2026-06-24T23:26:46.279Z","pid":29464,"hostname":"Stefan-Laptop","expected":"invalid_hash","computed":"e0f87767e4cf6b1ed81ca1b537475c6d04686cea8668149aba83bf2ecb3a39a3","manifest":"id:123456;request-id:test-request-id;ts:1782343606;","msg":"Webhook signature validation failed"}
 [32m✓[39m src/__tests__/unit/lib/payments/mercadopago-webhook-validator.test.ts [2m([22m[2m5 tests[22m[2m)[22m[32m 31[2mms[22m[39m
{"level":"warn","time":"2026-06-24T23:26:46.288Z","pid":29464,"hostname":"Stefan-Laptop","timestamp":1782343006,"nowSec":1782343606,"diff":600,"msg":"Webhook timestamp too old"}
 [32m✓[39m src/__tests__/unit/lib/admin/system-config-utils.test.ts [2m([22m[2m6 tests[22m[2m)[22m[32m 29[2mms[22m[39m
{"level":"warn","time":"2026-06-24T23:26:47.273Z","pid":24388,"hostname":"Stefan-Laptop","mpStatus":"unknown_status","msg":"Unknown Mercado Pago status mapped to pending"}
{"level":"warn","time":"2026-06-24T23:26:47.280Z","pid":24388,"hostname":"Stefan-Laptop","mpStatus":"","msg":"Unknown Mercado Pago status mapped to pending"}
 [32m✓[39m src/__tests__/unit/lib/payments/mercadopago-gateway.test.ts [2m([22m[2m5 tests[22m[2m)[22m[32m 27[2mms[22m[39m
 [32m✓[39m src/__tests__/security/basic-test.test.ts [2m([22m[2m1 test[22m[2m)[22m[32m 45[2mms[22m[39m
 [32m✓[39m src/__tests__/integration/api/products.test.ts [2m([22m[2m14 tests[22m[2m)[22m[32m 25[2mms[22m[39m
 [32m✓[39m src/__tests__/unit/lib/utils/tax.test.ts [2m([22m[2m8 tests[22m[2m)[22m[32m 22[2mms[22m[39m
 [32m✓[39m src/__tests__/unit/lib/utils/rut.test.ts [2m([22m[2m9 tests[22m[2m)[22m[32m 22[2mms[22m[39m
 [32m✓[39m src/__tests__/integration/api/orders.test.ts [2m([22m[2m8 tests[22m[2m)[22m[32m 20[2mms[22m[39m
 [32m✓[39m src/__tests__/unit/lib/profile/error-messages.test.ts [2m([22m[2m11 tests[22m[2m)[22m[32m 22[2mms[22m[39m
 [32m✓[39m src/__tests__/integration/api/ai/generate-insights.test.ts [2m([22m[2m5 tests[22m[2m)[22m[32m 15[2mms[22m[39m
 [32m✓[39m src/__tests__/integration/api/ai/insights.test.ts [2m([22m[2m8 tests[22m[2m)[22m[32m 16[2mms[22m[39m
 [32m✓[39m src/__tests__/integration/api/saas-management/tiers.test.ts [2m([22m[2m5 tests[22m[2m)[22m[32m 13[2mms[22m[39m
 [32m✓[39m src/__tests__/integration/api/saas-management/organizations-subscriptions.test.ts [2m([22m[2m4 tests[22m[2m)[22m[32m 12[2mms[22m[39m
 [32m✓[39m src/components/admin/CreateAppointmentForm/__tests__/import.test.tsx [2m([22m[2m1 test[22m[2m)[22m[32m 6[2mms[22m[39m

[2m Test Files [22m [1m[31m22 failed[39m[22m[2m | [22m[1m[32m36 passed[39m[22m[90m (58)[39m
[2m      Tests [22m [1m[31m100 failed[39m[22m[2m | [22m[1m[32m583 passed[39m[22m[2m | [22m[33m5 skipped[39m[2m | [22m[90m2 todo[39m[90m (690)[39m
[2m   Start at [22m 20:25:54
[2m   Duration [22m 58.61s[2m (transform 12.71s, setup 59.67s, import 59.76s, tests 22.60s, environment 400.41s)[22m

